2025-04-29 13:15:07: 🔄 Initializing Telegram...
2025-04-29 13:15:07: 🔄 Initializing Telegram client...
2025-04-29 13:15:07: [33m[2025-04-29T13:15:07.491] [INFO] - [Running gramJS version 2.26.15][0m
2025-04-29 13:15:07: [33m[2025-04-29T13:15:07.494] [INFO] - [Connecting to 149.154.175.56:443/TCPFull...][0m
2025-04-29 13:15:07: [33m[2025-04-29T13:15:07.522] [INFO] - [Connection to 149.154.175.56:443/TCPFull complete!][0m
2025-04-29 13:15:07: [33m[2025-04-29T13:15:07.523] [INFO] - [Using LAYER 193 for initial connect][0m
2025-04-29 13:15:07: ✅ Connected to Telegram
2025-04-29 13:15:07: ✅ Logged in as: Shonuff1221
2025-04-29 13:15:07: ✅ Telegram initialized
2025-04-29 13:15:07: 🚀 Webhook receiver listening on port 3040
2025-04-29 13:15:07: 📝 Webhook URL: http://localhost:3040/webhook
2025-04-29 13:15:07: Ready to receive webhooks and forward tokens to Telegram! 🚀
2025-04-29 13:16:57: Received request with content-type: application/json
2025-04-29 13:16:57: Parsing webhook body: {"data":["Ce2gx9KGXJ6C9Mp5b5x1sn9Mg87JwEbrQby4Zqo3pump","86qGKBNwxJjijTakNcXw5bcffd2EtzfPjtxVVRxCpump","F4v1D5NJXsC1HQbh21T8wK8fr2SuUCBHmi4AysPipump"]}
2025-04-29 13:16:57: No token found in message
2025-04-29 13:16:57: 📥 Received webhook data: {
  Text: '',
  UserName: 'unknown',
  CreatedAt: '{"data":["Ce2gx9KGXJ6C9Mp5b5x1sn9Mg87JwEbrQby4Zqo3pump","86qGKBNwxJjijTakNcXw5bcffd2EtzfPjtxVVRxCpump","F4v1D5NJXsC1HQbh21T8wK8fr2SuUCBHmi4AysPipump"]}'
}
